c:\users\antonio muñoz\source\repos\asgraphics_0_1_2\asgraphics_0.1.2\x64\release\vc143.pdb
c:\users\antonio muñoz\source\repos\asgraphics_0_1_2\asgraphics_0.1.2\x64\release\tiny_gltf.obj
c:\users\antonio muñoz\source\repos\asgraphics_0_1_2\asgraphics_0.1.2\x64\release\sha256.obj
c:\users\antonio muñoz\source\repos\asgraphics_0_1_2\asgraphics_0.1.2\x64\release\binfileloader.obj
c:\users\antonio muñoz\source\repos\asgraphics_0_1_2\asgraphics_0.1.2\x64\release\asg_vertexindexbuffer.obj
c:\users\antonio muñoz\source\repos\asgraphics_0_1_2\asgraphics_0.1.2\x64\release\asg_utils.obj
c:\users\antonio muñoz\source\repos\asgraphics_0_1_2\asgraphics_0.1.2\x64\release\asg_swapchain.obj
c:\users\antonio muñoz\source\repos\asgraphics_0_1_2\asgraphics_0.1.2\x64\release\asg_imagehandler.obj
c:\users\antonio muñoz\source\repos\asgraphics_0_1_2\asgraphics_0.1.2\x64\release\asg_graphicspipeline.obj
c:\users\antonio muñoz\source\repos\asgraphics_0_1_2\asgraphics_0.1.2\x64\release\asg_descriptorsets.obj
c:\users\antonio muñoz\source\repos\asgraphics_0_1_2\asgraphics_0.1.2\x64\release\asgraphics.obj
c:\users\antonio muñoz\source\repos\asgraphics_0_1_2\asgraphics_0.1.2\x64\release\asg_model.obj
c:\users\antonio muñoz\source\repos\asgraphics_0_1_2\asgraphics_0.1.2\x64\release\stb.obj
c:\users\antonio muñoz\source\repos\asgraphics_0_1_2\x64\release\asgraphics_0.1.2.lib
c:\users\antonio muñoz\source\repos\asgraphics_0_1_2\asgraphics_0.1.2\x64\release\asgraphics_0.1.2.ipdb
c:\users\antonio muñoz\source\repos\asgraphics_0_1_2\asgraphics_0.1.2\x64\release\asgraphics_0.1.2.iobj
c:\users\antonio muñoz\source\repos\asgraphics_0_1_2\asgraphics_0.1.2\x64\release\asg_modelfunctions.obj
c:\users\antonio muñoz\source\repos\asgraphics_0_1_2\asgraphics_0.1.2\x64\release\main.obj
c:\users\antonio muñoz\source\repos\asgraphics_0_1_2\x64\release\asgraphics_0.1.2.pdb
c:\users\antonio muñoz\source\repos\asgraphics_0_1_2\asgraphics_0.1.2\x64\release\asgraphics_0.1.2.tlog\cl.command.1.tlog
c:\users\antonio muñoz\source\repos\asgraphics_0_1_2\asgraphics_0.1.2\x64\release\asgraphics_0.1.2.tlog\cl.items.tlog
c:\users\antonio muñoz\source\repos\asgraphics_0_1_2\asgraphics_0.1.2\x64\release\asgraphics_0.1.2.tlog\cl.read.1.tlog
c:\users\antonio muñoz\source\repos\asgraphics_0_1_2\asgraphics_0.1.2\x64\release\asgraphics_0.1.2.tlog\cl.write.1.tlog
c:\users\antonio muñoz\source\repos\asgraphics_0_1_2\asgraphics_0.1.2\x64\release\asgraphics_0.1.2.tlog\lib-link.read.1.tlog
c:\users\antonio muñoz\source\repos\asgraphics_0_1_2\asgraphics_0.1.2\x64\release\asgraphics_0.1.2.tlog\lib-link.write.1.tlog
c:\users\antonio muñoz\source\repos\asgraphics_0_1_2\asgraphics_0.1.2\x64\release\asgraphics_0.1.2.tlog\lib.command.1.tlog
c:\users\antonio muñoz\source\repos\asgraphics_0_1_2\asgraphics_0.1.2\x64\release\asgraphics_0.1.2.tlog\link.command.1.tlog
c:\users\antonio muñoz\source\repos\asgraphics_0_1_2\asgraphics_0.1.2\x64\release\asgraphics_0.1.2.tlog\link.read.1.tlog
c:\users\antonio muñoz\source\repos\asgraphics_0_1_2\asgraphics_0.1.2\x64\release\asgraphics_0.1.2.tlog\link.secondary.1.tlog
c:\users\antonio muñoz\source\repos\asgraphics_0_1_2\asgraphics_0.1.2\x64\release\asgraphics_0.1.2.tlog\link.write.1.tlog
